AWS Bigdata
Trainer: Prashant Nair
=============================================================================================

Agenda
------
AWS project discussion
Introduction to Github



Github -----> Online Repository
	      Source Code Management
	      Version Control



Create a Personal Access Token ---------> Settings > Developer Settings > Personal Access Token > Generate


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


Github Basics
================


C:\Users\Prashant>d:

D:\>cd AWSTigerAnalytics


D:\AWSTigerAnalytics>cd Notes

D:\AWSTigerAnalytics\Notes>git init
Initialized empty Git repository in D:/AWSTigerAnalytics/Notes/.git/

D:\AWSTigerAnalytics\Notes>git add .

G:\Notes>git config user.email "prashant.nair2050@gmail.com"

G:\Notes>git config user.name "prashantnair2050"

D:\AWSTigerAnalytics\Notes>git commit -m "First Commit"
[master (root-commit) 80d0dcc] First Commit
 8 files changed, 1431 insertions(+)
 create mode 100644 Day1.txt
 create mode 100644 Day2.txt
 create mode 100644 Day3.txt
 create mode 100644 Day4.txt
 create mode 100644 Day5.txt
 create mode 100644 Day6.txt
 create mode 100644 Day7.txt
 create mode 100644 Day8.txt

D:\AWSTigerAnalytics\Notes>git remote add origin https://github.com/prashantnair2050/testtttt.git

D:\AWSTigerAnalytics\Notes>git branch -M master

D:\AWSTigerAnalytics\Notes>git push -u origin master
Logon failed, use ctrl+c to cancel basic credential prompt.
Username for 'https://github.com':
D:\AWSTigerAnalytics\Notes>















AWS 



Stream 
Source ------------------> X tool ------->S3 ---------> X tool   ---------------------> Query (Any tool of your choice)
							(Convert the data
txndata					JSON		 in Parquet)




Query
-----

1. Find the total number of transactions done by card
2. Find the total number of transactions done for category "Exercise & Fitness"
3. Find the total revenue generated for "Gymnastics" Category.






























